Info: constrained 'clk' to bel 'X12/Y31/io1'
Info: constrained 'tm_cs' to bel 'X15/Y0/io0'
Info: constrained 'tm_clk' to bel 'X9/Y0/io0'
Info: constrained 'tm_dio' to bel 'X8/Y0/io0'

Info: Packing constants..
Info: Packing IOs..
Info: tm_dio feeds SB_IO tm_dio_io, removing $nextpnr_iobuf tm_dio.
Info: Packing LUT-FFs..
Info:      435 LCs used as LUT4 only
Info:      373 LCs used as LUT4 and DFF
Info: Packing non-LUT FFs..
Info:       68 LCs used as DFF only
Info: Packing carries..
Info:       30 LCs used as CARRY only
Info: Packing indirect carry+LUT pairs...
Info:        1 LUTs merged into carry LCs
Info: Packing RAMs..
Info: Placing PLLs..
Info: Packing special functions..
Info: Packing PLLs..
Info: Promoting globals..
Info: promoting clk$SB_IO_IN (fanout 441)
Info: promoting tm_latch_SB_DFFSR_Q_R_SB_LUT4_O_I2_SB_LUT4_I3_O [reset] (fanout 415)
Info: promoting anim_counter_SB_DFFSR_Q_11_D_SB_LUT4_O_I3_SB_CARRY_CI_CO_SB_CARRY_CI_CO_SB_CARRY_CI_CO_SB_CARRY_CI_CO_SB_CARRY_CI_CO_SB_CARRY_CI_CO_SB_CARRY_CI_CO_SB_CARRY_CI_CO_SB_CARRY_CI_CO_SB_CARRY_CI_CO_SB_CARRY_CI_CO_SB_CARRY_CI_CO_SB_CARRY_CI_CO_SB_CARRY_CI_CO_SB_CARRY_CI_CO_SB_CARRY_CI_CO_SB_CARRY_CI_CO_SB_LUT4_I3_O [cen] (fanout 315)
Info: promoting tm_cs_SB_DFFESS_Q_E_SB_LUT4_O_I2_SB_LUT4_O_I3_SB_LUT4_O_I2_SB_LUT4_I3_O_SB_LUT4_I3_O_SB_LUT4_I2_O [cen] (fanout 56)
Info: Constraining chains...
Info:        9 LCs used to legalise carry chains.
Info: Checksum: 0x6e37cfb5

Info: Device utilisation:
Info: 	         ICESTORM_LC:     916/   5280    17%
Info: 	        ICESTORM_RAM:       0/     30     0%
Info: 	               SB_IO:       4/     39    10%
Info: 	               SB_GB:       4/      8    50%
Info: 	        ICESTORM_PLL:       0/      1     0%
Info: 	         SB_WARMBOOT:       0/      1     0%
Info: 	        ICESTORM_DSP:       0/      8     0%
Info: 	      ICESTORM_HFOSC:       0/      1     0%
Info: 	      ICESTORM_LFOSC:       0/      1     0%
Info: 	              SB_I2C:       0/      2     0%
Info: 	              SB_SPI:       0/      2     0%
Info: 	              IO_I3C:       0/      2     0%
Info: 	         SB_LEDDA_IP:       0/      1     0%
Info: 	         SB_RGBA_DRV:       0/      1     0%
Info: 	      ICESTORM_SPRAM:       0/      4     0%

Info: Placed 4 cells based on constraints.
Info: Creating initial analytic placement for 845 cells, random placement wirelen = 22074.
Info:     at initial placer iter 0, wirelen = 21
Info:     at initial placer iter 1, wirelen = 21
Info:     at initial placer iter 2, wirelen = 21
Info:     at initial placer iter 3, wirelen = 21
Info: Running main analytical placer, max placement attempts per cell = 106722.
Info:     at iteration #1, type ALL: wirelen solved = 21, spread = 2268, legal = 2398; time = 0.02s
Info:     at iteration #2, type ALL: wirelen solved = 203, spread = 1925, legal = 2342; time = 0.04s
Info:     at iteration #3, type ALL: wirelen solved = 349, spread = 1910, legal = 2251; time = 0.04s
Info:     at iteration #4, type ALL: wirelen solved = 548, spread = 1880, legal = 2194; time = 0.02s
Info:     at iteration #5, type ALL: wirelen solved = 722, spread = 1668, legal = 2138; time = 0.02s
Info:     at iteration #6, type ALL: wirelen solved = 777, spread = 1604, legal = 2135; time = 0.03s
Info:     at iteration #7, type ALL: wirelen solved = 830, spread = 1547, legal = 1886; time = 0.01s
Info:     at iteration #8, type ALL: wirelen solved = 823, spread = 1498, legal = 1861; time = 0.02s
Info:     at iteration #9, type ALL: wirelen solved = 875, spread = 1564, legal = 1869; time = 0.02s
Info:     at iteration #10, type ALL: wirelen solved = 927, spread = 1580, legal = 1881; time = 0.02s
Info:     at iteration #11, type ALL: wirelen solved = 952, spread = 1500, legal = 1803; time = 0.02s
Info:     at iteration #12, type ALL: wirelen solved = 920, spread = 1441, legal = 1721; time = 0.01s
Info:     at iteration #13, type ALL: wirelen solved = 958, spread = 1464, legal = 1835; time = 0.02s
Info:     at iteration #14, type ALL: wirelen solved = 956, spread = 1542, legal = 1949; time = 0.01s
Info:     at iteration #15, type ALL: wirelen solved = 994, spread = 1513, legal = 1867; time = 0.02s
Info:     at iteration #16, type ALL: wirelen solved = 1010, spread = 1478, legal = 1708; time = 0.02s
Info:     at iteration #17, type ALL: wirelen solved = 995, spread = 1479, legal = 1724; time = 0.02s
Info:     at iteration #18, type ALL: wirelen solved = 1002, spread = 1572, legal = 1771; time = 0.02s
Info:     at iteration #19, type ALL: wirelen solved = 1064, spread = 1482, legal = 1780; time = 0.02s
Info:     at iteration #20, type ALL: wirelen solved = 1039, spread = 1496, legal = 1757; time = 0.02s
Info:     at iteration #21, type ALL: wirelen solved = 1022, spread = 1484, legal = 1811; time = 0.02s
Info: HeAP Placer Time: 0.67s
Info:   of which solving equations: 0.37s
Info:   of which spreading cells: 0.06s
Info:   of which strict legalisation: 0.06s

Info: Running simulated annealing placer for refinement.
Info:   at iteration #1: temp = 0.000000, timing cost = 954, wirelen = 1708
Info:   at iteration #5: temp = 0.000000, timing cost = 675, wirelen = 1497
Info:   at iteration #10: temp = 0.000000, timing cost = 546, wirelen = 1430
Info:   at iteration #15: temp = 0.000000, timing cost = 574, wirelen = 1373
Info:   at iteration #19: temp = 0.000000, timing cost = 509, wirelen = 1334 
Info: SA placement time 0.93s

Info: Max frequency for clock 'clk$SB_IO_IN_$glb_clk': 37.84 MHz (PASS at 12.00 MHz)

Info: Max delay <async>                       -> posedge clk$SB_IO_IN_$glb_clk: 5.45 ns
Info: Max delay posedge clk$SB_IO_IN_$glb_clk -> <async>                      : 10.81 ns

Info: Slack histogram:
Info:  legend: * represents 7 endpoint(s)
Info:          + represents [1,7) endpoint(s)
Info: [ 56906,  58029) |****+
Info: [ 58029,  59152) |*******+
Info: [ 59152,  60275) |****************+
Info: [ 60275,  61398) |*****************************************+
Info: [ 61398,  62521) |****************************+
Info: [ 62521,  63644) |*********+
Info: [ 63644,  64767) |****+
Info: [ 64767,  65890) |********+
Info: [ 65890,  67013) |***********+
Info: [ 67013,  68136) |***************************+
Info: [ 68136,  69259) |*********************+
Info: [ 69259,  70382) |*****************+
Info: [ 70382,  71505) |******+
Info: [ 71505,  72628) |*+
Info: [ 72628,  73751) |**+
Info: [ 73751,  74874) |**+
Info: [ 74874,  75997) |**+
Info: [ 75997,  77120) |*+
Info: [ 77120,  78243) |********+
Info: [ 78243,  79366) |************************************************************ 
Info: Checksum: 0xe18f7c89

Info: Routing..
Info: Setting up routing queue.
Info: Routing 3349 arcs.
Info:            |   (re-)routed arcs  |   delta    | remaining|       time spent     |
Info:    IterCnt |  w/ripup   wo/ripup |  w/r  wo/r |      arcs| batch(sec) total(sec)|
Info:       1000 |       46        953 |   46   953 |      2519|       0.35       0.35|
Info:       2000 |      132       1842 |   86   889 |      1655|       0.17       0.52|
Info:       3000 |      299       2644 |  167   802 |       903|       0.12       0.64|
Info:       4000 |      524       3413 |  225   769 |       220|       0.14       0.78|
Info:       4306 |      591       3653 |   67   240 |         0|       0.11       0.89|
Info: Routing complete.
Info: Router1 time 0.89s
Info: Checksum: 0xb69fc7f2

Info: Critical path report for clock 'clk$SB_IO_IN_$glb_clk' (posedge -> posedge):
Info:       type curr  total name
Info:   clk-to-q  1.39  1.39 Source instruction_step_SB_DFFESR_Q_2_D_SB_LUT4_O_LC.O
Info:    routing  1.76  3.15 Net instruction_step[3] (1,12) -> (1,11)
Info:                          Sink key_scan_SB_DFFESR_Q_E_SB_LUT4_O_I2_SB_LUT4_O_I3_SB_LUT4_I1_I2_SB_LUT4_O_LC.I2
Info:                          Defined in:
Info:                               D:\tools\oss-cad-suite\bin\../share/yosys/ice40/cells_map.v:6.21-6.22
Info:      logic  1.21  4.36 Source key_scan_SB_DFFESR_Q_E_SB_LUT4_O_I2_SB_LUT4_O_I3_SB_LUT4_I1_I2_SB_LUT4_O_LC.O
Info:    routing  2.41  6.76 Net key_scan_SB_DFFESR_Q_E_SB_LUT4_O_I2_SB_LUT4_O_I3_SB_LUT4_I1_I2[2] (1,11) -> (1,9)
Info:                          Sink key_scan_SB_DFFESR_Q_E_SB_LUT4_O_I2_SB_LUT4_O_I3_SB_LUT4_I1_O_SB_LUT4_O_1_LC.I3
Info:                          Defined in:
Info:                               D:\tools\oss-cad-suite\bin\../share/yosys/ice40/cells_map.v:6.21-6.22
Info:      logic  0.87  7.64 Source key_scan_SB_DFFESR_Q_E_SB_LUT4_O_I2_SB_LUT4_O_I3_SB_LUT4_I1_O_SB_LUT4_O_1_LC.O
Info:    routing  1.76  9.40 Net key_scan_SB_DFFESR_Q_E_SB_LUT4_O_I2_SB_LUT4_O_I3_SB_LUT4_I1_O[1] (1,9) -> (2,10)
Info:                          Sink tm_out_SB_DFFESR_Q_D_SB_LUT4_O_I3_SB_LUT4_O_I3_SB_LUT4_O_1_LC.I1
Info:                          Defined in:
Info:                               D:\tools\oss-cad-suite\bin\../share/yosys/ice40/cells_map.v:6.21-6.22
Info:      logic  1.23  10.63 Source tm_out_SB_DFFESR_Q_D_SB_LUT4_O_I3_SB_LUT4_O_I3_SB_LUT4_O_1_LC.O
Info:    routing  1.76  12.39 Net tm_out_SB_DFFESR_Q_3_D_SB_LUT4_O_I3_SB_LUT4_O_I3[2] (2,10) -> (1,10)
Info:                          Sink tm_out_SB_DFFESR_Q_D_SB_LUT4_O_I3_SB_LUT4_O_LC.I3
Info:                          Defined in:
Info:                               D:\tools\oss-cad-suite\bin\../share/yosys/ice40/cells_map.v:6.21-6.22
Info:      logic  0.87  13.27 Source tm_out_SB_DFFESR_Q_D_SB_LUT4_O_I3_SB_LUT4_O_LC.O
Info:    routing  1.76  15.03 Net key_scan_SB_DFFESR_Q_1_E_SB_LUT4_O_I2_SB_LUT4_I3_O_SB_LUT4_I3_O_SB_LUT4_I3_O[3] (1,10) -> (1,9)
Info:                          Sink tm_latch_SB_DFFSR_Q_D_SB_LUT4_O_I3_SB_LUT4_O_1_LC.I3
Info:                          Defined in:
Info:                               D:\tools\oss-cad-suite\bin\../share/yosys/ice40/cells_map.v:6.21-6.22
Info:      logic  0.87  15.90 Source tm_latch_SB_DFFSR_Q_D_SB_LUT4_O_I3_SB_LUT4_O_1_LC.O
Info:    routing  1.76  17.66 Net tm_latch_SB_DFFSR_Q_D_SB_LUT4_O_I3[2] (1,9) -> (2,9)
Info:                          Sink tm_latch_SB_DFFSR_Q_D_SB_LUT4_O_I3_SB_LUT4_I3_LC.I3
Info:                          Defined in:
Info:                               D:\tools\oss-cad-suite\bin\../share/yosys/ice40/cells_map.v:6.21-6.22
Info:      logic  0.87  18.54 Source tm_latch_SB_DFFSR_Q_D_SB_LUT4_O_I3_SB_LUT4_I3_LC.O
Info:    routing  3.53  22.07 Net tm_latch_SB_DFFSR_Q_D_SB_LUT4_O_I3_SB_LUT4_I3_O (2,9) -> (5,6)
Info:                          Sink tm_out_SB_DFFESR_Q_1_D_SB_LUT4_O_LC.CEN
Info:      setup  0.10  22.17 Source tm_out_SB_DFFESR_Q_1_D_SB_LUT4_O_LC.CEN
Info: 7.42 ns logic, 14.75 ns routing

Info: Critical path report for cross-domain path '<async>' -> 'posedge clk$SB_IO_IN_$glb_clk':
Info:       type curr  total name
Info:     source  0.00  0.00 Source tm_dio_io.D_IN_0
Info:    routing  4.25  4.25 Net dio_in (8,0) -> (3,9)
Info:                          Sink dio_in_SB_LUT4_I0_LC.I0
Info:                          Defined in:
Info:                               rtl/tm1638.v:12.12-12.18
Info:      setup  1.23  5.48 Source dio_in_SB_LUT4_I0_LC.I0
Info: 1.23 ns logic, 4.25 ns routing

Info: Critical path report for cross-domain path 'posedge clk$SB_IO_IN_$glb_clk' -> '<async>':
Info:       type curr  total name
Info:   clk-to-q  1.39  1.39 Source u_tm1638.cur_state_SB_DFFESR_Q_D_SB_LUT4_O_LC.O
Info:    routing  1.76  3.15 Net tm_latch_SB_LUT4_I0_I3[1] (2,6) -> (2,5)
Info:                          Sink tm_latch_SB_LUT4_I0_I3_SB_LUT4_O_I3_SB_LUT4_I3_O_SB_LUT4_O_LC.I2
Info:                          Defined in:
Info:                               D:\tools\oss-cad-suite\bin\../share/yosys/ice40/cells_map.v:6.21-6.22
Info:      logic  1.21  4.36 Source tm_latch_SB_LUT4_I0_I3_SB_LUT4_O_I3_SB_LUT4_I3_O_SB_LUT4_O_LC.O
Info:    routing  1.76  6.12 Net tm_latch_SB_LUT4_I0_I3_SB_LUT4_O_I3_SB_LUT4_I3_O[1] (2,5) -> (2,4)
Info:                          Sink tm_clk_SB_LUT4_O_LC.I3
Info:                          Defined in:
Info:                               D:\tools\oss-cad-suite\bin\../share/yosys/ice40/cells_map.v:6.21-6.22
Info:      logic  0.87  6.99 Source tm_clk_SB_LUT4_O_LC.O
Info:    routing  4.25  11.24 Net tm_clk$SB_IO_OUT (2,4) -> (9,0)
Info:                          Sink tm_clk$sb_io.D_OUT_0
Info:                          Defined in:
Info:                               rtl/tm1638.v:11.12-11.16
Info: 3.47 ns logic, 7.77 ns routing

Info: Max frequency for clock 'clk$SB_IO_IN_$glb_clk': 45.11 MHz (PASS at 12.00 MHz)

Info: Max delay <async>                       -> posedge clk$SB_IO_IN_$glb_clk: 5.48 ns
Info: Max delay posedge clk$SB_IO_IN_$glb_clk -> <async>                      : 11.24 ns

Info: Slack histogram:
Info:  legend: * represents 7 endpoint(s)
Info:          + represents [1,7) endpoint(s)
Info: [ 61163,  62073) |*******+
Info: [ 62073,  62983) |**********************************+
Info: [ 62983,  63893) |***********+
Info: [ 63893,  64803) |************************************************************ 
Info: [ 64803,  65713) |******+
Info: [ 65713,  66623) |***+
Info: [ 66623,  67533) |*****************+
Info: [ 67533,  68443) |*****+
Info: [ 68443,  69353) |**+
Info: [ 69353,  70263) |****+
Info: [ 70263,  71173) |***+
Info: [ 71173,  72083) |*+
Info: [ 72083,  72993) |+
Info: [ 72993,  73903) |**********************************************************+
Info: [ 73903,  74813) |***+
Info: [ 74813,  75723) |**+
Info: [ 75723,  76633) |*+
Info: [ 76633,  77543) |*+
Info: [ 77543,  78453) |************+
Info: [ 78453,  79363) |*********************************************************+

Info: Program finished normally.
